// Jest Snapshot v1, https://goo.gl/fbAQLP

exports[`<GlobalSpinner /> renders correctly 1`] = `
<DocumentFragment>
  <div
    class="sc-bdVaJa ijHJlI"
  >
    <div
      class="sc-bwzfXH cdCsLX"
    />
  </div>
</DocumentFragment>
`;
