// Jest Snapshot v1, https://goo.gl/fbAQLP

exports[`<SideDrawer /> renders correctly 1`] = `
<DocumentFragment>
  <nav
    class="sc-bdVaJa heZQzu"
    data-testid="Wrapper"
  >
    <header
      class="sc-bwzfXH gEGrQn"
    >
      <p
        class="sc-htpNat cuHHjG"
      >
        Title
      </p>
      <button
        class="sc-bxivhb gkQASD"
        data-testid="CloseBtn"
      >
        <i
          class="far fa-times-circle"
        />
      </button>
    </header>
    <ul
      class="sc-ifAKCX hshtzb"
    >
      <span>
        test
      </span>
    </ul>
  </nav>
</DocumentFragment>
`;
